// Jest Snapshot v1, https://goo.gl/fbAQLP

exports[`WorkoutList component renders the Workout given props 1`] = `
<Workout
  key="1"
  workout={
    Object {
      "movements": Array [
        Object {
          "movement_name": "name",
        },
        Object {
          "reps": "reps",
        },
        Object {
          "equipment": "equip",
        },
      ],
      "workout_length": 1,
    }
  }
/>
`;
