// Jest Snapshot v1, https://goo.gl/fbAQLP

exports[`WorkoutList component renders the Workout given props 1`] = `
<Fragment>
  <h3
    className="subheader"
  >
    Complete as many reps as possible:
  </h3>
  <div
    className="user_workouts"
  >
    <Workout
      key="1"
      workout={
        Object {
          "movements": Array [
            Object {
              "movement_name": "name",
            },
            Object {
              "reps": "reps",
            },
            Object {
              "equipment": "equip",
            },
          ],
          "workout_length": 1,
        }
      }
      workouts={
        Array [
          Object {
            "movements": Array [
              Object {
                "movement_name": "name",
              },
              Object {
                "reps": "reps",
              },
              Object {
                "equipment": "equip",
              },
            ],
            "workout_length": 1,
          },
        ]
      }
    />
  </div>
</Fragment>
`;
