// Jest Snapshot v1, https://goo.gl/fbAQLP

exports[`SearchForm component renders a SearchForm by default 1`] = `
<Fragment>
  <div
    className="search_form_inputs"
  >
    <div
      role="alert"
    />
    <button
      id="toggle_form"
      onClick={[Function]}
    >
      -
    </button>
    <form
      className="_form search_form animated fadeIn"
      onSubmit={[Function]}
    >
      <label
        className="time_label"
        htmlFor="time"
      >
        Select Workout Time 5-60 Minutes (required):
         
      </label>
      <input
        className="time_input"
        id="time"
        max="60"
        min="5"
        onChange={[Function]}
        required={true}
        type="number"
      />
      <div
        className="equiment_select"
      >
        <fieldset
          className="equipment_field"
        >
          <legend>
            Select Equipment (optional):
          </legend>
          <ul
            className="check_box_list"
          >
            <li
              key="1"
            >
              <CheckBoxEquip
                handleCheck={[Function]}
                id={7}
                isChecked={false}
                value="dumbell"
              />
            </li>
            <li
              key="1"
            >
              <CheckBoxEquip
                handleCheck={[Function]}
                id={8}
                isChecked={false}
                value="barbell"
              />
            </li>
            <li
              key="1"
            >
              <CheckBoxEquip
                handleCheck={[Function]}
                id={9}
                isChecked={false}
                value="treadmill"
              />
            </li>
            <li
              key="1"
            >
              <CheckBoxEquip
                handleCheck={[Function]}
                id={10}
                isChecked={false}
                value="pullup-bar"
              />
            </li>
            <li
              key="1"
            >
              <CheckBoxEquip
                handleCheck={[Function]}
                id={11}
                isChecked={false}
                value="medicine-ball"
              />
            </li>
            <li
              key="1"
            >
              <CheckBoxEquip
                handleCheck={[Function]}
                id={12}
                isChecked={false}
                value="stationary-bike"
              />
            </li>
            <li
              key="1"
            >
              <CheckBoxEquip
                handleCheck={[Function]}
                id={13}
                isChecked={false}
                value="bands"
              />
            </li>
          </ul>
        </fieldset>
      </div>
      <button
        className="form_button"
      >
        Make My Workout
      </button>
    </form>
  </div>
</Fragment>
`;

exports[`SearchForm component renders the SearchForm given props 1`] = `
<Fragment>
  <div
    className="search_form_inputs"
  >
    <div
      role="alert"
    />
    <button
      id="toggle_form"
      onClick={[Function]}
    >
      -
    </button>
    <form
      className="_form search_form animated fadeIn"
      onSubmit={[Function]}
    >
      <label
        className="time_label"
        htmlFor="time"
      >
        Select Workout Time 5-60 Minutes (required):
         
      </label>
      <input
        className="time_input"
        id="time"
        max="60"
        min="5"
        onChange={[Function]}
        required={true}
        type="number"
      />
      <div
        className="equiment_select"
      >
        <fieldset
          className="equipment_field"
        >
          <legend>
            Select Equipment (optional):
          </legend>
          <ul
            className="check_box_list"
          >
            <li
              key="1"
            >
              <CheckBoxEquip
                handleCheck={[Function]}
                id={7}
                isChecked={false}
                value="dumbell"
              />
            </li>
            <li
              key="1"
            >
              <CheckBoxEquip
                handleCheck={[Function]}
                id={8}
                isChecked={false}
                value="barbell"
              />
            </li>
            <li
              key="1"
            >
              <CheckBoxEquip
                handleCheck={[Function]}
                id={9}
                isChecked={false}
                value="treadmill"
              />
            </li>
            <li
              key="1"
            >
              <CheckBoxEquip
                handleCheck={[Function]}
                id={10}
                isChecked={false}
                value="pullup-bar"
              />
            </li>
            <li
              key="1"
            >
              <CheckBoxEquip
                handleCheck={[Function]}
                id={11}
                isChecked={false}
                value="medicine-ball"
              />
            </li>
            <li
              key="1"
            >
              <CheckBoxEquip
                handleCheck={[Function]}
                id={12}
                isChecked={false}
                value="stationary-bike"
              />
            </li>
            <li
              key="1"
            >
              <CheckBoxEquip
                handleCheck={[Function]}
                id={13}
                isChecked={false}
                value="bands"
              />
            </li>
          </ul>
        </fieldset>
      </div>
      <button
        className="form_button"
      >
        Make My Workout
      </button>
    </form>
  </div>
</Fragment>
`;
