// Jest Snapshot v1, https://goo.gl/fbAQLP

exports[`LoginForm component renders a LoginForm by default 1`] = `
<form
  className="_form"
  onSubmit={[Function]}
>
  <div
    className="error"
  />
  <label
    htmlFor="Login_user_name"
  >
    User Name:
  </label>
  <input
    className="form_input"
    id="Login_user_name"
    name="user_name"
    placeholder="Required"
    required={true}
    type="text"
  />
  <label
    htmlFor="Login_password"
  >
    Password:
  </label>
  <input
    className="form_input"
    id="Login_password"
    name="password"
    placeholder="Required"
    required={true}
    type="password"
  />
  <button
    className="form_button"
    id="login_button"
    type="submit"
  >
    Log In
  </button>
</form>
`;

exports[`LoginForm component renders the LoginForm given context 1`] = `
<ContextProvider
  value={
    Object {
      "clearError": [Function],
      "error": null,
      "handleDeleteWorkout": [Function],
      "handleLoginSuccess": [Function],
      "handleLogoutSuccess": [Function],
      "isLoggedIn": false,
      "isUserLoggedIn": [Function],
      "nullError": [Function],
      "setError": [Function],
      "userId": null,
    }
  }
>
  <LoginForm
    onLoginRedirect={[Function]}
  />
</ContextProvider>
`;

exports[`LoginForm component renders the LoginForm given props 1`] = `
<form
  className="_form"
  onSubmit={[Function]}
>
  <div
    className="error"
  />
  <label
    htmlFor="Login_user_name"
  >
    User Name:
  </label>
  <input
    className="form_input"
    id="Login_user_name"
    name="user_name"
    placeholder="Required"
    required={true}
    type="text"
  />
  <label
    htmlFor="Login_password"
  >
    Password:
  </label>
  <input
    className="form_input"
    id="Login_password"
    name="password"
    placeholder="Required"
    required={true}
    type="password"
  />
  <button
    className="form_button"
    id="login_button"
    type="submit"
  >
    Log In
  </button>
</form>
`;
