// Jest Snapshot v1, https://goo.gl/fbAQLP

exports[`Workout component renders the Workout given props 1`] = `
<div
  className="workout"
>
  <ul>
    <h3
      className="saved_workout_head"
    >
      In 
      1
       minutes:
    </h3>
    <li
      className="saved_workout_item"
      key="1"
    >
       
      name
       
    </li>
    <li
      className="saved_workout_item"
      key="1"
    >
      reps
       
       
    </li>
    <li
      className="saved_workout_item"
      key="1"
    >
       
       
      with equip
    </li>
  </ul>
  <button
    className="delete_button"
    onClick={[Function]}
  >
    Delete Workout
  </button>
</div>
`;
