// Jest Snapshot v1, https://goo.gl/fbAQLP

exports[`Workout component renders the Workout given props 1`] = `
<div
  className="workout"
>
  <h3
    className="saved_workout_head"
  >
    In 
    1
     minutes:
  </h3>
  <ul>
    <Movement
      index={0}
      movement={
        Object {
          "movement_name": "name",
        }
      }
    />
    <Movement
      index={1}
      movement={
        Object {
          "reps": "reps",
        }
      }
    />
    <Movement
      index={2}
      movement={
        Object {
          "equipment": "equip",
        }
      }
    />
  </ul>
  <button
    className="delete_button"
    onClick={[Function]}
  >
    Delete Workout
  </button>
</div>
`;
