// Jest Snapshot v1, https://goo.gl/fbAQLP

exports[`LandingPage component renders the LandingPage component by default 1`] = `
<div
  className="Landing_page"
>
  <div
    className="heading_page"
  >
    <h2
      className="landing_title animated fadeIn"
    >
      Create randomly generated AMRAP workouts
    </h2>
    <h4
      className="subheader animated fadeIn delay-3s"
    >
      From a database of movements curated by a licensed physical therapist
    </h4>
    <ul
      className="app_desc"
    >
      <div
        role="alert"
      />
      <li
        className="animated fadeIn delay-4s"
      >
        Click 'Generate A Workout' to search for a new AMRAP workout
      </li>
      <li
        className="animated fadeIn delay-5s"
      >
        <Link
          to="/register"
        >
          Create an account
        </Link>
         or 
        <Link
          to="/login"
        >
          log in
        </Link>
         to save workouts for later!
      </li>
    </ul>
  </div>
  <img
    alt="women in workout clothes in a starting position"
    id="landing-img"
    src="startingline.jpg"
  />
</div>
`;
